09:25:11 **** Incremental Build of configuration Debug for project MKS3 ****
make -j16 all 
arm-none-eabi-gcc "../Core/Src/stm32f0xx_it.c" -mcpu=cortex-m0 -std=gnu11 -g3 -DDEBUG -DSTM32F030x8 -DUSE_HAL_DRIVER -c -I../Core/Inc -I../Drivers/STM32F0xx_HAL_Driver/Inc -I../Drivers/CMSIS/Device/ST/STM32F0xx/Include -I../Drivers/CMSIS/Include -I"C:/Users/Luaks/Documents/GitHub/MKS_2025/MKS3/Core/libraries" -I../Drivers/STM32F0xx_HAL_Driver/Inc/Legacy -O0 -ffunction-sections -fdata-sections -Wall -fstack-usage -fcyclomatic-complexity -MMD -MP -MF"Core/Src/stm32f0xx_it.d" -MT"Core/Src/stm32f0xx_it.o" --specs=nano.specs -mfloat-abi=soft -mthumb -o "Core/Src/stm32f0xx_it.o"
arm-none-eabi-gcc -o "MKS3.elf" @"objects.list"   -mcpu=cortex-m0 -T"C:\Users\Luaks\Documents\GitHub\MKS_2025\MKS3\STM32F030R8TX_FLASH.ld" --specs=nosys.specs -Wl,-Map="MKS3.map" -Wl,--gc-sections -static --specs=nano.specs -mfloat-abi=soft -mthumb -Wl,--start-group -lc -lm -Wl,--end-group
Finished building target: MKS3.elf
 
arm-none-eabi-size  MKS3.elf 
arm-none-eabi-objdump -h -S MKS3.elf  > "MKS3.list"
   text	   data	    bss	    dec	    hex	filename
  13024	     12	   1884	  14920	   3a48	MKS3.elf
Finished building: default.size.stdout
 
Finished building: MKS3.list
 

09:25:11 Build Finished. 0 errors, 0 warnings. (took 704ms)

