09:47:29 **** Incremental Build of configuration Debug for project MKS4 ****
make -j16 all 
arm-none-eabi-gcc "../Core/Src/mainProgramFile.c" -mcpu=cortex-m0 -std=gnu11 -g3 -DDEBUG -DSTM32F030x8 -DUSE_HAL_DRIVER -c -I../Core/Inc -I../Drivers/STM32F0xx_HAL_Driver/Inc -I../Drivers/CMSIS/Device/ST/STM32F0xx/Include -I../Drivers/CMSIS/Include -I"C:/Users/Luaks/Documents/GitHub/MKS_2025/MKS4/Core/libraries" -I../Drivers/STM32F0xx_HAL_Driver/Inc/Legacy -O0 -ffunction-sections -fdata-sections -Wall -fstack-usage -fcyclomatic-complexity -MMD -MP -MF"Core/Src/mainProgramFile.d" -MT"Core/Src/mainProgramFile.o" --specs=nano.specs -mfloat-abi=soft -mthumb -o "Core/Src/mainProgramFile.o"
arm-none-eabi-gcc -o "MKS4.elf" @"objects.list"   -mcpu=cortex-m0 -T"C:\Users\Luaks\Documents\GitHub\MKS_2025\MKS4\STM32F030R8TX_FLASH.ld" --specs=nosys.specs -Wl,-Map="MKS4.map" -Wl,--gc-sections -static --specs=nano.specs -mfloat-abi=soft -mthumb -Wl,--start-group -lc -lm -Wl,--end-group
Finished building target: MKS4.elf
 
arm-none-eabi-size  MKS4.elf 
arm-none-eabi-objdump -h -S MKS4.elf  > "MKS4.list"
   text	   data	    bss	    dec	    hex	filename
  11820	     12	   1876	  13708	   358c	MKS4.elf
Finished building: default.size.stdout
 
Finished building: MKS4.list
 

09:47:30 Build Finished. 0 errors, 0 warnings. (took 705ms)

